============================= test session starts =============================
platform win32 -- Python 3.13.7, pytest-9.0.2, pluggy-1.6.0 -- C:\Users\yagye\AppData\Local\Programs\Python\Python313\python.exe
cachedir: .pytest_cache
hypothesis profile 'default'
rootdir: C:\Users\yagye\OneDrive\Desktop\HackItAll
configfile: pytest.ini
plugins: anyio-4.11.0, Faker-40.4.0, hypothesis-6.151.9
collecting ... collected 29 items

tests/test_tracking_api.py::TestSaveOpportunity::test_save_opportunity_success PASSED [  3%]
tests/test_tracking_api.py::TestSaveOpportunity::test_save_expired_opportunity PASSED [  6%]
tests/test_tracking_api.py::TestSaveOpportunity::test_save_opportunity_duplicate PASSED [ 10%]
tests/test_tracking_api.py::TestSaveOpportunity::test_save_nonexistent_opportunity PASSED [ 13%]
tests/test_tracking_api.py::TestSaveOpportunity::test_save_opportunity_without_auth PASSED [ 17%]
tests/test_tracking_api.py::TestGetTrackedOpportunities::test_get_tracked_opportunities_empty ERROR [ 20%]

=================================== ERRORS ====================================
_ ERROR at setup of TestGetTrackedOpportunities.test_get_tracked_opportunities_empty _
file C:\Users\yagye\OneDrive\Desktop\HackItAll\tests\test_tracking_api.py, line 184
      def test_get_tracked_opportunities_empty(self, client, test_user, auth_token):
E       fixture 'auth_token' not found
>       available fixtures: _session_faker, anyio_backend, anyio_backend_name, anyio_backend_options, authenticated_client, cache, capfd, capfdbinary, caplog, capsys, capsysbinary, capteesys, client, db_session, doctest_namespace, expired_opportunity, faker, free_tcp_port, free_tcp_port_factory, free_udp_port, free_udp_port_factory, monkeypatch, pytestconfig, record_property, record_testsuite_property, record_xml_attribute, recwarn, subtests, test_opportunity, test_user, tmp_path, tmp_path_factory, tmpdir, tmpdir_factory
>       use 'pytest --fixtures [testpath]' for help on them.

C:\Users\yagye\OneDrive\Desktop\HackItAll\tests\test_tracking_api.py:184
---------------------------- Captured stderr setup ----------------------------
2026-03-02 13:19:21,103 - apscheduler.scheduler - INFO - Adding job tentatively -- it will be properly scheduled when the scheduler starts
2026-03-02 13:19:21,104 - scheduler - INFO - Scheduled job: Process deadline reminders (every hour)
2026-03-02 13:19:21,104 - apscheduler.scheduler - INFO - Adding job tentatively -- it will be properly scheduled when the scheduler starts
2026-03-02 13:19:21,104 - scheduler - INFO - Scheduled job: Archive expired opportunities (daily at midnight)
2026-03-02 13:19:21,104 - apscheduler.scheduler - INFO - Adding job tentatively -- it will be properly scheduled when the scheduler starts
2026-03-02 13:19:21,104 - scheduler - INFO - Scheduled job: Update recommendations (every 6 hours)
2026-03-02 13:19:21,104 - apscheduler.scheduler - INFO - Adding job tentatively -- it will be properly scheduled when the scheduler starts
2026-03-02 13:19:21,104 - scheduler - INFO - Scheduled job: Cleanup old reminders (daily at 2 AM)
2026-03-02 13:19:21,104 - apscheduler.scheduler - INFO - Added job "Process deadline reminders" to job store "default"
2026-03-02 13:19:21,104 - apscheduler.scheduler - INFO - Added job "Archive expired opportunities" to job store "default"
2026-03-02 13:19:21,104 - apscheduler.scheduler - INFO - Added job "Update user recommendations" to job store "default"
2026-03-02 13:19:21,104 - apscheduler.scheduler - INFO - Added job "Cleanup old reminders" to job store "default"
2026-03-02 13:19:21,104 - apscheduler.scheduler - INFO - Scheduler started
2026-03-02 13:19:21,105 - scheduler - INFO - Background scheduler started
----------------------------- Captured log setup ------------------------------
INFO     apscheduler.scheduler:base.py:454 Adding job tentatively -- it will be properly scheduled when the scheduler starts
INFO     scheduler:scheduler.py:29 Scheduled job: Process deadline reminders (every hour)
INFO     apscheduler.scheduler:base.py:454 Adding job tentatively -- it will be properly scheduled when the scheduler starts
INFO     scheduler:scheduler.py:39 Scheduled job: Archive expired opportunities (daily at midnight)
INFO     apscheduler.scheduler:base.py:454 Adding job tentatively -- it will be properly scheduled when the scheduler starts
INFO     scheduler:scheduler.py:49 Scheduled job: Update recommendations (every 6 hours)
INFO     apscheduler.scheduler:base.py:454 Adding job tentatively -- it will be properly scheduled when the scheduler starts
INFO     scheduler:scheduler.py:59 Scheduled job: Cleanup old reminders (daily at 2 AM)
INFO     apscheduler.scheduler:base.py:895 Added job "Process deadline reminders" to job store "default"
INFO     apscheduler.scheduler:base.py:895 Added job "Archive expired opportunities" to job store "default"
INFO     apscheduler.scheduler:base.py:895 Added job "Update user recommendations" to job store "default"
INFO     apscheduler.scheduler:base.py:895 Added job "Cleanup old reminders" to job store "default"
INFO     apscheduler.scheduler:base.py:181 Scheduler started
INFO     scheduler:scheduler.py:68 Background scheduler started
============================== warnings summary ===============================
..\..\..\AppData\Local\Programs\Python\Python313\Lib\site-packages\_pytest\config\__init__.py:1428
  C:\Users\yagye\AppData\Local\Programs\Python\Python313\Lib\site-packages\_pytest\config\__init__.py:1428: PytestConfigWarning: Unknown config option: asyncio_default_fixture_loop_scope
  
    self._warn_or_fail_if_strict(f"Unknown config option: {key}\n")

..\..\..\AppData\Local\Programs\Python\Python313\Lib\site-packages\_pytest\config\__init__.py:1428
  C:\Users\yagye\AppData\Local\Programs\Python\Python313\Lib\site-packages\_pytest\config\__init__.py:1428: PytestConfigWarning: Unknown config option: asyncio_mode
  
    self._warn_or_fail_if_strict(f"Unknown config option: {key}\n")

tests/test_tracking_api.py::TestSaveOpportunity::test_save_opportunity_success
  C:\Users\yagye\OneDrive\Desktop\HackItAll\middleware\rate_limiter.py:22: DeprecationWarning: datetime.datetime.utcnow() is deprecated and scheduled for removal in a future version. Use timezone-aware objects to represent datetimes in UTC: datetime.datetime.now(datetime.UTC).
    self.last_cleanup = datetime.utcnow()

tests/test_tracking_api.py::TestSaveOpportunity::test_save_opportunity_success
tests/test_tracking_api.py::TestSaveOpportunity::test_save_expired_opportunity
tests/test_tracking_api.py::TestSaveOpportunity::test_save_opportunity_duplicate
tests/test_tracking_api.py::TestSaveOpportunity::test_save_nonexistent_opportunity
tests/test_tracking_api.py::TestSaveOpportunity::test_save_opportunity_without_auth
tests/test_tracking_api.py::TestGetTrackedOpportunities::test_get_tracked_opportunities_empty
  C:\Users\yagye\OneDrive\Desktop\HackItAll\models\user.py:33: DeprecationWarning: datetime.datetime.utcnow() is deprecated and scheduled for removal in a future version. Use timezone-aware objects to represent datetimes in UTC: datetime.datetime.now(datetime.UTC).
    self.created_at = datetime.utcnow()

tests/test_tracking_api.py::TestSaveOpportunity::test_save_opportunity_success
tests/test_tracking_api.py::TestSaveOpportunity::test_save_expired_opportunity
tests/test_tracking_api.py::TestSaveOpportunity::test_save_opportunity_duplicate
tests/test_tracking_api.py::TestSaveOpportunity::test_save_nonexistent_opportunity
tests/test_tracking_api.py::TestSaveOpportunity::test_save_opportunity_without_auth
tests/test_tracking_api.py::TestGetTrackedOpportunities::test_get_tracked_opportunities_empty
  C:\Users\yagye\OneDrive\Desktop\HackItAll\models\user.py:35: DeprecationWarning: datetime.datetime.utcnow() is deprecated and scheduled for removal in a future version. Use timezone-aware objects to represent datetimes in UTC: datetime.datetime.now(datetime.UTC).
    self.updated_at = datetime.utcnow()

tests/test_tracking_api.py::TestSaveOpportunity::test_save_opportunity_success
tests/test_tracking_api.py::TestSaveOpportunity::test_save_expired_opportunity
tests/test_tracking_api.py::TestSaveOpportunity::test_save_opportunity_duplicate
tests/test_tracking_api.py::TestSaveOpportunity::test_save_nonexistent_opportunity
tests/test_tracking_api.py::TestSaveOpportunity::test_save_opportunity_without_auth
tests/test_tracking_api.py::TestGetTrackedOpportunities::test_get_tracked_opportunities_empty
  C:\Users\yagye\OneDrive\Desktop\HackItAll\models\user.py:71: DeprecationWarning: datetime.datetime.utcnow() is deprecated and scheduled for removal in a future version. Use timezone-aware objects to represent datetimes in UTC: datetime.datetime.now(datetime.UTC).
    self.updated_at = datetime.utcnow()

tests/test_tracking_api.py::TestSaveOpportunity::test_save_opportunity_success
tests/test_tracking_api.py::TestSaveOpportunity::test_save_opportunity_duplicate
tests/test_tracking_api.py::TestSaveOpportunity::test_save_opportunity_without_auth
  C:\Users\yagye\OneDrive\Desktop\HackItAll\tests\test_tracking_api.py:59: DeprecationWarning: datetime.datetime.utcnow() is deprecated and scheduled for removal in a future version. Use timezone-aware objects to represent datetimes in UTC: datetime.datetime.now(datetime.UTC).
    deadline=datetime.utcnow() + timedelta(days=30),

tests/test_tracking_api.py::TestSaveOpportunity::test_save_opportunity_success
tests/test_tracking_api.py::TestSaveOpportunity::test_save_expired_opportunity
tests/test_tracking_api.py::TestSaveOpportunity::test_save_opportunity_duplicate
tests/test_tracking_api.py::TestSaveOpportunity::test_save_opportunity_without_auth
  C:\Users\yagye\OneDrive\Desktop\HackItAll\models\opportunity.py:52: DeprecationWarning: datetime.datetime.utcnow() is deprecated and scheduled for removal in a future version. Use timezone-aware objects to represent datetimes in UTC: datetime.datetime.now(datetime.UTC).
    self.created_at = datetime.utcnow()

tests/test_tracking_api.py::TestSaveOpportunity::test_save_opportunity_success
tests/test_tracking_api.py::TestSaveOpportunity::test_save_expired_opportunity
tests/test_tracking_api.py::TestSaveOpportunity::test_save_opportunity_duplicate
tests/test_tracking_api.py::TestSaveOpportunity::test_save_opportunity_without_auth
  C:\Users\yagye\OneDrive\Desktop\HackItAll\models\opportunity.py:54: DeprecationWarning: datetime.datetime.utcnow() is deprecated and scheduled for removal in a future version. Use timezone-aware objects to represent datetimes in UTC: datetime.datetime.now(datetime.UTC).
    self.updated_at = datetime.utcnow()

tests/test_tracking_api.py::TestSaveOpportunity::test_save_opportunity_success
tests/test_tracking_api.py::TestSaveOpportunity::test_save_expired_opportunity
tests/test_tracking_api.py::TestSaveOpportunity::test_save_opportunity_duplicate
tests/test_tracking_api.py::TestSaveOpportunity::test_save_opportunity_duplicate
tests/test_tracking_api.py::TestSaveOpportunity::test_save_nonexistent_opportunity
tests/test_tracking_api.py::TestSaveOpportunity::test_save_opportunity_without_auth
  C:\Users\yagye\OneDrive\Desktop\HackItAll\middleware\rate_limiter.py:59: DeprecationWarning: datetime.datetime.utcnow() is deprecated and scheduled for removal in a future version. Use timezone-aware objects to represent datetimes in UTC: datetime.datetime.now(datetime.UTC).
    now = datetime.utcnow()

tests/test_tracking_api.py::TestSaveOpportunity::test_save_opportunity_success
tests/test_tracking_api.py::TestSaveOpportunity::test_save_expired_opportunity
tests/test_tracking_api.py::TestSaveOpportunity::test_save_opportunity_duplicate
tests/test_tracking_api.py::TestSaveOpportunity::test_save_opportunity_duplicate
tests/test_tracking_api.py::TestSaveOpportunity::test_save_nonexistent_opportunity
tests/test_tracking_api.py::TestSaveOpportunity::test_save_opportunity_without_auth
  C:\Users\yagye\OneDrive\Desktop\HackItAll\middleware\rate_limiter.py:40: DeprecationWarning: datetime.datetime.utcnow() is deprecated and scheduled for removal in a future version. Use timezone-aware objects to represent datetimes in UTC: datetime.datetime.now(datetime.UTC).
    now = datetime.utcnow()

tests/test_tracking_api.py::TestSaveOpportunity::test_save_opportunity_success
tests/test_tracking_api.py::TestSaveOpportunity::test_save_expired_opportunity
tests/test_tracking_api.py::TestSaveOpportunity::test_save_opportunity_duplicate
tests/test_tracking_api.py::TestSaveOpportunity::test_save_opportunity_duplicate
  C:\Users\yagye\OneDrive\Desktop\HackItAll\services\tracker_service.py:50: DeprecationWarning: datetime.datetime.utcnow() is deprecated and scheduled for removal in a future version. Use timezone-aware objects to represent datetimes in UTC: datetime.datetime.now(datetime.UTC).
    is_expired = opportunity.deadline < datetime.utcnow()

tests/test_tracking_api.py::TestSaveOpportunity::test_save_opportunity_success
tests/test_tracking_api.py::TestSaveOpportunity::test_save_expired_opportunity
tests/test_tracking_api.py::TestSaveOpportunity::test_save_opportunity_duplicate
tests/test_tracking_api.py::TestSaveOpportunity::test_save_opportunity_duplicate
  C:\Users\yagye\OneDrive\Desktop\HackItAll\models\tracking.py:27: DeprecationWarning: datetime.datetime.utcnow() is deprecated and scheduled for removal in a future version. Use timezone-aware objects to represent datetimes in UTC: datetime.datetime.now(datetime.UTC).
    self.saved_at = datetime.utcnow()

tests/test_tracking_api.py::TestSaveOpportunity::test_save_opportunity_success
tests/test_tracking_api.py::TestSaveOpportunity::test_save_opportunity_success
tests/test_tracking_api.py::TestSaveOpportunity::test_save_opportunity_success
tests/test_tracking_api.py::TestSaveOpportunity::test_save_expired_opportunity
tests/test_tracking_api.py::TestSaveOpportunity::test_save_opportunity_duplicate
tests/test_tracking_api.py::TestSaveOpportunity::test_save_opportunity_duplicate
tests/test_tracking_api.py::TestSaveOpportunity::test_save_opportunity_duplicate
tests/test_tracking_api.py::TestSaveOpportunity::test_save_opportunity_duplicate
  C:\Users\yagye\AppData\Local\Programs\Python\Python313\Lib\site-packages\sqlalchemy\sql\schema.py:3624: DeprecationWarning: datetime.datetime.utcnow() is deprecated and scheduled for removal in a future version. Use timezone-aware objects to represent datetimes in UTC: datetime.datetime.now(datetime.UTC).
    return util.wrap_callable(lambda ctx: fn(), fn)  # type: ignore

tests/test_tracking_api.py::TestSaveOpportunity::test_save_opportunity_success
tests/test_tracking_api.py::TestSaveOpportunity::test_save_opportunity_duplicate
  C:\Users\yagye\OneDrive\Desktop\HackItAll\services\notification_service.py:84: DeprecationWarning: datetime.datetime.utcnow() is deprecated and scheduled for removal in a future version. Use timezone-aware objects to represent datetimes in UTC: datetime.datetime.now(datetime.UTC).
    now = datetime.utcnow()

tests/test_tracking_api.py::TestSaveOpportunity::test_save_expired_opportunity
  C:\Users\yagye\OneDrive\Desktop\HackItAll\tests\test_tracking_api.py:79: DeprecationWarning: datetime.datetime.utcnow() is deprecated and scheduled for removal in a future version. Use timezone-aware objects to represent datetimes in UTC: datetime.datetime.now(datetime.UTC).
    deadline=datetime.utcnow() - timedelta(days=1),

-- Docs: https://docs.pytest.org/en/stable/how-to/capture-warnings.html
=========================== short test summary info ===========================
ERROR tests/test_tracking_api.py::TestGetTrackedOpportunities::test_get_tracked_opportunities_empty
!!!!!!!!!!!!!!!!!!!!!!!!!! stopping after 1 failures !!!!!!!!!!!!!!!!!!!!!!!!!!
=================== 5 passed, 63 warnings, 1 error in 0.42s ===================
